closed 0 Thenar Walker docs
existing configurations: ['Default', 'MID_RANGE', 'ZERO', 'HOME', 'FREE_MOTION', 'STOW', 'REACH_450', 'PICK_FLOOR']
STOW {'deg': [0, -80, 80, 50, 85, 0], 'solidworks_box_mm': [-60.7, -55.5, -0.0, 212.7, 55.5, 189.9], 'urdf_fk_box_mm': [np.float64(-60.7), np.float64(-55.5), np.float64(-0.0), np.float64(212.7), np.float64(55.5), np.float64(189.9)], 'max_box_diff_mm': 0.0, 'mate_errors': []}
HOME {'deg': [0, -25, 35, 0, 0, 20], 'solidworks_box_mm': [-27.2, -55.5, -0.0, 358.1, 55.5, 255.1], 'urdf_fk_box_mm': [np.float64(-27.2), np.float64(-55.5), np.float64(-0.0), np.float64(358.1), np.float64(55.5), np.float64(255.1)], 'max_box_diff_mm': 0.0, 'mate_errors': []}
REACH_450 {'deg': [-3.4, 12.0, -73.8, 61.3, -85.0, 35], 'solidworks_box_mm': [-27.2, -55.5, -0.0, 351.6, 55.5, 370.5], 'urdf_fk_box_mm': [np.float64(-27.2), np.float64(-55.5), np.float64(-0.0), np.float64(351.6), np.float64(55.5), np.float64(370.5)], 'max_box_diff_mm': 0.0, 'mate_errors': []}
PICK_FLOOR {'deg': [0, 80, -68.3, 76.7, 3.4, 35], 'solidworks_box_mm': [-27.2, -55.5, -85.0, 383.6, 55.5, 155.3], 'urdf_fk_box_mm': [np.float64(-27.2), np.float64(-55.5), np.float64(-85.1), np.float64(383.6), np.float64(55.5), np.float64(155.3)], 'max_box_diff_mm': 0.1, 'mate_errors': []}
re-check ZERO max box diff mm 0.04
re-check HOME max box diff mm 0.04
re-check STOW max box diff mm 0.04
re-check REACH_450 max box diff mm 0.05
re-check PICK_FLOOR max box diff mm 0.05
closed 0 Thenar Walker docs
saved F:\Projects\thenar-walker\cad\assemblies\Thenar_Walker.SLDASM configs ['Default', 'STOW', 'HOME', 'REACH_450', 'PICK_FLOOR', 'DRIVE_ONLY']
closed 25 Thenar Walker docs
STOW        size [293.7, 196.0, 292.9]  lowest 57.0 (RR-01_Chassis_Tub-1)  interferences 6  mass 2370 g  COG [-8.2, 3.0, 118.1]  grasp [120.7, 18.2, 148.0]
HOME        size [417.1, 196.0, 358.1]  lowest 57.0 (RR-01_Chassis_Tub-1)  interferences 6  mass 2370 g  COG [8.1, 2.6, 131.3]  grasp [261.7, -1.3, 306.8]
REACH_450   size [410.6, 196.0, 473.5]  lowest 57.0 (RR-01_Chassis_Tub-1)  interferences 6  mass 2370 g  COG [12.3, 4.2, 147.5]  grasp [260.0, -0.5, 449.6]
PICK_FLOOR  size [442.6, 196.0, 258.3]  lowest 17.9 (SO101_Follower_Master-1/Gripper_body_MG996R_R3-1)  interferences 6  mass 2370 g  COG [27.8, 2.6, 104.8]  grasp [254.4, -0.2, 25.1]

PASS Start box 300 x 200 x 300 (STOW) — 293.7 x 196.0 x 292.9 mm
PASS Ground clearance >= 50 mm (STOW) — 57.0 mm at RR-01_Chassis_Tub-1
PASS Ground clearance >= 50 mm (HOME) — 57.0 mm at RR-01_Chassis_Tub-1
PASS Ground clearance >= 50 mm (REACH_450) — 57.0 mm at RR-01_Chassis_Tub-1
PASS Grasp object centred at 450 mm (REACH_450) — 50 mm object centre z = 449.6 mm, 140 mm ahead of the chassis
PASS Floor pick: 50 mm cube on the ground ahead of the wheels — grasp centre [254.4, -0.2, 25.1] (cube centre z = 25)
PASS No interference (STOW) — clear (+6 intended servo-spline/horn overlaps from the arm CAD)
PASS No interference (HOME) — clear (+6 intended servo-spline/horn overlaps from the arm CAD)
PASS No interference (REACH_450) — clear (+6 intended servo-spline/horn overlaps from the arm CAD)
PASS No interference (PICK_FLOOR) — clear (+6 intended servo-spline/horn overlaps from the arm CAD)
PASS Static stability (STOW, flat + 15 deg ramp) — worst margin 36.1 mm: {'front': 84.2, 'rear': 67.8, 'left': 81.0, 'right': 87.0, 'climb_15deg_rear_axle': 36.1, 'descend_15deg_front_axle': 52.6, 'traverse_15deg_side': 49.4}
PASS Static stability (HOME, flat + 15 deg ramp) — worst margin 32.7 mm: {'front': 67.9, 'rear': 84.1, 'left': 81.4, 'right': 86.6, 'climb_15deg_rear_axle': 48.9, 'descend_15deg_front_axle': 32.7, 'traverse_15deg_side': 46.2}
PASS Static stability (REACH_450, flat + 15 deg ramp) — worst margin 24.2 mm: {'front': 63.7, 'rear': 88.3, 'left': 79.8, 'right': 88.2, 'climb_15deg_rear_axle': 48.8, 'descend_15deg_front_axle': 24.2, 'traverse_15deg_side': 40.2}
PASS Static stability (PICK_FLOOR, flat + 15 deg ramp) — worst margin 20.1 mm: {'front': 48.2, 'rear': 103.8, 'left': 81.4, 'right': 86.6, 'climb_15deg_rear_axle': 75.7, 'descend_15deg_front_axle': 20.1, 'traverse_15deg_side': 53.3}
renders in F:\Projects\thenar-walker\cad\renders
closed 24 Thenar Walker docs
RA-01_Arena_Board            bbox [-1500.0, -1500.0, -18.0, 1500.0, 1500.0, 402.36]
closed 0 Thenar Walker docs
saved F:\Projects\thenar-walker\cad\arena\RoboReach_Arena.SLDASM
closed 35 Thenar Walker docs
wrote F:\Projects\thenar-walker\docs\VERIFICATION.md
CHAIN_DONE
